// Jest Snapshot v1, https://goo.gl/fbAQLP

exports[`Reservation card should match with snapshot 1`] = `
<DocumentFragment>
  <div
    class="container"
  >
    <div
      class="row"
    >
      <div
        class="col-9"
      >
        Reservation
      </div>
      <div
        class="col-3 my-auto"
      >
        <span
          class="clear-link"
        >
          clear
        </span>
      </div>
    </div>
    <div
      class="row"
    >
      <div
        class="col-12"
      >
        July 9, 2018
      </div>
    </div>
    <div
      class="row"
    >
      <div
        class="col-5"
      >
        08:00
      </div>
      <div
        class="col-2"
      >
        -
      </div>
      <div
        class="col-5"
      >
        09:00
      </div>
    </div>
  </div>
</DocumentFragment>
`;
