// Jest Snapshot v1, https://goo.gl/fbAQLP

exports[`Date Select page should render loading info 1`] = `
<DocumentFragment>
  <div
    class="container date-select-container"
  >
    <div
      class="row"
    >
      <span>
        Loading ...
      </span>
    </div>
  </div>
</DocumentFragment>
`;
